BLDEA-CSE@DESKTOP-98DHO1U MINGW64 ~ (BLDEACSE)
$ cd ..

BLDEA-CSE@DESKTOP-98DHO1U MINGW64 /c/Users
$ cd ..

BLDEA-CSE@DESKTOP-98DHO1U MINGW64 /c
$ cd ..

BLDEA-CSE@DESKTOP-98DHO1U MINGW64 /
$ cd d:

BLDEA-CSE@DESKTOP-98DHO1U MINGW64 /d (master)
$ mkdir 055

BLDEA-CSE@DESKTOP-98DHO1U MINGW64 /d (master)
$ cd 055

BLDEA-CSE@DESKTOP-98DHO1U MINGW64 /d/055 (master)
$ git init
Initialized empty Git repository in D:/055/.git/

BLDEA-CSE@DESKTOP-98DHO1U MINGW64 /d/055 (master)
$ nano p1.c

BLDEA-CSE@DESKTOP-98DHO1U MINGW64 /d/055 (master)
$ git add p1.c
warning: in the working copy of 'p1.c', LF will be replaced by CRLF the next time Git touches it

BLDEA-CSE@DESKTOP-98DHO1U MINGW64 /d/055 (master)
$ git commit --m"1st comit"
error: unknown option `m1st comit'
usage: git commit [-a | --interactive | --patch] [-s] [-v] [-u<mode>] [--amend]
                  [--dry-run] [(-c | -C | --squash) <commit> | --fixup [(amend|reword):]<commit>)]
                  [-F <file> | -m <msg>] [--reset-author] [--allow-empty]
                  [--allow-empty-message] [--no-verify] [-e] [--author=<author>]
                  [--date=<date>] [--cleanup=<mode>] [--[no-]status]
                  [-i | -o] [--pathspec-from-file=<file> [--pathspec-file-nul]]
                  [(--trailer <token>[(=|:)<value>])...] [-S[<keyid>]]
                  [--] [<pathspec>...]

    -q, --[no-]quiet      suppress summary after successful commit
    -v, --[no-]verbose    show diff in commit message template

Commit message options
    -F, --[no-]file <file>
                          read message from file
    --[no-]author <author>
                          override author for commit
    --[no-]date <date>    override date for commit
    -m, --[no-]message <message>
                          commit message
    -c, --[no-]reedit-message <commit>
                          reuse and edit message from specified commit
    -C, --[no-]reuse-message <commit>
                          reuse message from specified commit
    --[no-]fixup [(amend|reword):]commit
                          use autosquash formatted message to fixup or amend/reword specified commit
    --[no-]squash <commit>
                          use autosquash formatted message to squash specified commit
    --[no-]reset-author   the commit is authored by me now (used with -C/-c/--amend)
    --trailer <trailer>   add custom trailer(s)
    -s, --[no-]signoff    add a Signed-off-by trailer
    -t, --[no-]template <file>
                          use specified template file
    -e, --[no-]edit       force edit of commit
    --[no-]cleanup <mode> how to strip spaces and #comments from message
    --[no-]status         include status in commit message template
    -S, --[no-]gpg-sign[=<key-id>]
                          GPG sign commit

Commit contents options
    -a, --[no-]all        commit all changed files
    -i, --[no-]include    add specified files to index for commit
    --[no-]interactive    interactively add files
    -p, --[no-]patch      interactively add changes
    -o, --[no-]only       commit only specified files
    -n, --no-verify       bypass pre-commit and commit-msg hooks
    --verify              opposite of --no-verify
    --[no-]dry-run        show what would be committed
    --[no-]short          show status concisely
    --[no-]branch         show branch information
    --[no-]ahead-behind   compute full ahead/behind values
    --[no-]porcelain      machine-readable output
    --[no-]long           show status in long format (default)
    -z, --[no-]null       terminate entries with NUL
    --[no-]amend          amend previous commit
    --no-post-rewrite     bypass post-rewrite hook
    --post-rewrite        opposite of --no-post-rewrite
    -u, --[no-]untracked-files[=<mode>]
                          show untracked files, optional modes: all, normal, no. (Default: all)
    --[no-]pathspec-from-file <file>
                          read pathspec from file
    --[no-]pathspec-file-nul
                          with --pathspec-from-file, pathspec elements are separated with NUL character


BLDEA-CSE@DESKTOP-98DHO1U MINGW64 /d/055 (master)
$ nano p1

BLDEA-CSE@DESKTOP-98DHO1U MINGW64 /d/055 (master)
$ nano p1.c

BLDEA-CSE@DESKTOP-98DHO1U MINGW64 /d/055 (master)
$ git add p1.c
warning: in the working copy of 'p1.c', LF will be replaced by CRLF the next time Git touches it

BLDEA-CSE@DESKTOP-98DHO1U MINGW64 /d/055 (master)
$ git commit --m"2st comit"
error: unknown option `m2st comit'
usage: git commit [-a | --interactive | --patch] [-s] [-v] [-u<mode>] [--amend]
                  [--dry-run] [(-c | -C | --squash) <commit> | --fixup [(amend|reword):]<commit>)]
                  [-F <file> | -m <msg>] [--reset-author] [--allow-empty]
                  [--allow-empty-message] [--no-verify] [-e] [--author=<author>]
                  [--date=<date>] [--cleanup=<mode>] [--[no-]status]
                  [-i | -o] [--pathspec-from-file=<file> [--pathspec-file-nul]]
                  [(--trailer <token>[(=|:)<value>])...] [-S[<keyid>]]
                  [--] [<pathspec>...]

    -q, --[no-]quiet      suppress summary after successful commit
    -v, --[no-]verbose    show diff in commit message template

Commit message options
    -F, --[no-]file <file>
                          read message from file
    --[no-]author <author>
                          override author for commit
    --[no-]date <date>    override date for commit
    -m, --[no-]message <message>
                          commit message
    -c, --[no-]reedit-message <commit>
                          reuse and edit message from specified commit
    -C, --[no-]reuse-message <commit>
                          reuse message from specified commit
    --[no-]fixup [(amend|reword):]commit
                          use autosquash formatted message to fixup or amend/reword specified commit
    --[no-]squash <commit>
                          use autosquash formatted message to squash specified commit
    --[no-]reset-author   the commit is authored by me now (used with -C/-c/--amend)
    --trailer <trailer>   add custom trailer(s)
    -s, --[no-]signoff    add a Signed-off-by trailer
    -t, --[no-]template <file>
                          use specified template file
    -e, --[no-]edit       force edit of commit
    --[no-]cleanup <mode> how to strip spaces and #comments from message
    --[no-]status         include status in commit message template
    -S, --[no-]gpg-sign[=<key-id>]
                          GPG sign commit

Commit contents options
    -a, --[no-]all        commit all changed files
    -i, --[no-]include    add specified files to index for commit
    --[no-]interactive    interactively add files
    -p, --[no-]patch      interactively add changes
    -o, --[no-]only       commit only specified files
    -n, --no-verify       bypass pre-commit and commit-msg hooks
    --verify              opposite of --no-verify
    --[no-]dry-run        show what would be committed
    --[no-]short          show status concisely
    --[no-]branch         show branch information
    --[no-]ahead-behind   compute full ahead/behind values
    --[no-]porcelain      machine-readable output
    --[no-]long           show status in long format (default)
    -z, --[no-]null       terminate entries with NUL
    --[no-]amend          amend previous commit
    --no-post-rewrite     bypass post-rewrite hook
    --post-rewrite        opposite of --no-post-rewrite
    -u, --[no-]untracked-files[=<mode>]
                          show untracked files, optional modes: all, normal, no. (Default: all)
    --[no-]pathspec-from-file <file>
                          read pathspec from file
    --[no-]pathspec-file-nul
                          with --pathspec-from-file, pathspec elements are separated with NUL character


BLDEA-CSE@DESKTOP-98DHO1U MINGW64 /d/055 (master)
$ git log
fatal: your current branch 'master' does not have any commits yet

BLDEA-CSE@DESKTOP-98DHO1U MINGW64 /d/055 (master)
$ git commit -m "1st comit"
[master (root-commit) 4d49278] 1st comit
 1 file changed, 2 insertions(+)
 create mode 100644 p1.c

BLDEA-CSE@DESKTOP-98DHO1U MINGW64 /d/055 (master)
$ nano p1.c

BLDEA-CSE@DESKTOP-98DHO1U MINGW64 /d/055 (master)
$ git add p1.c
warning: in the working copy of 'p1.c', LF will be replaced by CRLF the next time Git touches it

BLDEA-CSE@DESKTOP-98DHO1U MINGW64 /d/055 (master)
$ git commit -m "2st comit"
[master 8377d90] 2st comit
 1 file changed, 1 insertion(+)

BLDEA-CSE@DESKTOP-98DHO1U MINGW64 /d/055 (master)
$ git branch featurebranch

BLDEA-CSE@DESKTOP-98DHO1U MINGW64 /d/055 (master)
$ git checkout featurebranch
Switched to branch 'featurebranch'

BLDEA-CSE@DESKTOP-98DHO1U MINGW64 /d/055 (featurebranch)
$ nano p2.c

BLDEA-CSE@DESKTOP-98DHO1U MINGW64 /d/055 (featurebranch)
$ git add p2.c
warning: in the working copy of 'p2.c', LF will be replaced by CRLF the next time Git touches it

BLDEA-CSE@DESKTOP-98DHO1U MINGW64 /d/055 (featurebranch)
$ git commit -m "1st f comit"
[featurebranch 2976394] 1st f comit
 1 file changed, 1 insertion(+)
 create mode 100644 p2.c

BLDEA-CSE@DESKTOP-98DHO1U MINGW64 /d/055 (featurebranch)
$ nano p3.c

BLDEA-CSE@DESKTOP-98DHO1U MINGW64 /d/055 (featurebranch)
$ git add p3.c
warning: in the working copy of 'p3.c', LF will be replaced by CRLF the next time Git touches it

BLDEA-CSE@DESKTOP-98DHO1U MINGW64 /d/055 (featurebranch)
$ git commit -m "2st f comit"
[featurebranch 06a84ee] 2st f comit
 1 file changed, 1 insertion(+)
 create mode 100644 p3.c

BLDEA-CSE@DESKTOP-98DHO1U MINGW64 /d/055 (featurebranch)
$ git log
commit 06a84ee0a7a6c419838906a2f8b16431f9d6c7f6 (HEAD -> featurebranch)
Author: varunhajeri55 <varunphajeri49366@gmail.com>
Date:   Sat Nov 16 10:46:14 2024 +0530

    2st f comit

commit 2976394f12639d9dfe50247c7f9f5dcb5b2379ed
Author: varunhajeri55 <varunphajeri49366@gmail.com>
Date:   Sat Nov 16 10:45:45 2024 +0530

    1st f comit

commit 8377d90f9477d07350fc3059d47bba4594560584 (master)
Author: varunhajeri55 <varunphajeri49366@gmail.com>
Date:   Sat Nov 16 10:43:45 2024 +0530

    2st comit

commit 4d49278e96c854d2c66d02086291ca4feef12a3b
Author: varunhajeri55 <varunphajeri49366@gmail.com>
Date:   Sat Nov 16 10:43:08 2024 +0530

    1st comit

BLDEA-CSE@DESKTOP-98DHO1U MINGW64 /d/055 (featurebranch)
$ git checkout master
Switched to branch 'master'

BLDEA-CSE@DESKTOP-98DHO1U MINGW64 /d/055 (master)
$ git log
commit 8377d90f9477d07350fc3059d47bba4594560584 (HEAD -> master)
Author: varunhajeri55 <varunphajeri49366@gmail.com>
Date:   Sat Nov 16 10:43:45 2024 +0530

    2st comit

commit 4d49278e96c854d2c66d02086291ca4feef12a3b
Author: varunhajeri55 <varunphajeri49366@gmail.com>
Date:   Sat Nov 16 10:43:08 2024 +0530

    1st comit

BLDEA-CSE@DESKTOP-98DHO1U MINGW64 /d/055 (master)
$ git cherry-pick  2976394f12639d9dfe50247c7f9f5dcb5b2379ed
[master a5f4ab2] 1st f comit
 Date: Sat Nov 16 10:45:45 2024 +0530
 1 file changed, 1 insertion(+)
 create mode 100644 p2.c

BLDEA-CSE@DESKTOP-98DHO1U MINGW64 /d/055 (master)
$ git log
commit a5f4ab2abadd01fa2e7c76d068cc0910f1a3fba9 (HEAD -> master)
Author: varunhajeri55 <varunphajeri49366@gmail.com>
Date:   Sat Nov 16 10:45:45 2024 +0530

    1st f comit

commit 8377d90f9477d07350fc3059d47bba4594560584
Author: varunhajeri55 <varunphajeri49366@gmail.com>
Date:   Sat Nov 16 10:43:45 2024 +0530

    2st comit

commit 4d49278e96c854d2c66d02086291ca4feef12a3b
Author: varunhajeri55 <varunphajeri49366@gmail.com>
Date:   Sat Nov 16 10:43:08 2024 +0530

    1st comit

BLDEA-CSE@DESKTOP-98DHO1U MINGW64 /d/055 (master)
$
